// Vitest Snapshot v1, https://vitest.dev/guide/snapshot.html

exports[`public package export characterization > snapshots Google adapter exports 1`] = `
[
  "Gemini",
  "GoogleAdkEngine",
  "ScriptedLlm",
  "createAdkEntry",
  "httpStatusOf",
  "toGeminiSchema",
]
`;

exports[`public package export characterization > snapshots MCP adapter exports 1`] = `
[
  "AdkMcpAuth",
  "AdkMcpServer",
  "BearerAuth",
  "EnvAuth",
  "HeaderAuth",
  "McpBlockedTargetError",
  "McpDiscoveryError",
  "McpOAuth",
  "McpReauthRequiredError",
  "OAuthAuth",
  "assertSafeTarget",
  "credentialDigest",
  "guardedFetch",
]
`;

exports[`public package export characterization > snapshots core runtime exports 1`] = `
[
  "ADK_OPTIONS",
  "AdkAgent",
  "AdkBootError",
  "AdkEmbedder",
  "AdkEngine",
  "AdkError",
  "AdkModel",
  "AdkModule",
  "AdkPrompt",
  "AdkSkill",
  "AdkTool",
  "AdkToolSource",
  "AdkWorkflow",
  "Agent",
  "AgentDefinition",
  "AgentMaxIterationsError",
  "AgentNotFoundError",
  "AgentRef",
  "AgentRegistry",
  "AgentRunner",
  "AgentSessions",
  "AgentStateInvalidError",
  "AgentStateMissingError",
  "AiEmptyResponseError",
  "ApprovalNotFoundError",
  "ArtifactStore",
  "ConflictingPromptError",
  "ContextCollector",
  "DEFAULT_OFFLOAD_THRESHOLD",
  "DelegatesTo",
  "DeltaStateBag",
  "DuplicateAgentNameError",
  "DuplicateToolSourceError",
  "Embedder",
  "EmbedderNotConfiguredError",
  "FileSystemPricingStorage",
  "GENERATION_KEYS",
  "Gemini",
  "InMemoryArtifactStore",
  "InMemoryPricingStorage",
  "InMemorySessionStore",
  "InvalidModelError",
  "InvalidWorkflowError",
  "LiteLLMPricingSource",
  "McpBlockedTargetError",
  "McpConnectionError",
  "MemoryStore",
  "MissingModelError",
  "ModelsExhaustedError",
  "NestedFailoverError",
  "OpenAiLike",
  "OutputValidationError",
  "PRICING_CURRENCY",
  "PricingSource",
  "PricingStorage",
  "PromptFiles",
  "RedisPricingStorage",
  "ReservedMethodError",
  "RunLogger",
  "ScriptedEngine",
  "ScriptedModel",
  "SessionNotFoundError",
  "SessionStore",
  "Similarity",
  "Skill",
  "SkillNotFoundError",
  "SubAgentsRemovedError",
  "TEXT_MIME_TYPES",
  "Tool",
  "ToolExecutionError",
  "ToolInvalidArgsError",
  "ToolRepeatedFailureError",
  "ToolSourceAuthError",
  "ToolSourceUnavailableError",
  "ToolsetResolver",
  "TransfersTo",
  "UnregisteredModelError",
  "UnregisteredPromptError",
  "UnregisteredSkillError",
  "UnregisteredToolError",
  "UnresolvedToolsetError",
  "UnsupportedModelScopeError",
  "WorkflowAgent",
  "applyOverride",
  "artifactEncoding",
  "buildInstruction",
  "cacheHitRatio",
  "callTool",
  "comparePrefix",
  "contextPolicy",
  "createModelSpec",
  "deltas",
  "embeddingCost",
  "fail",
  "failoverPolicy",
  "isAdkModel",
  "isJsonSchema",
  "isModelSpec",
  "isScriptedModel",
  "isTextMimeType",
  "isToolContent",
  "isToolsetRef",
  "llmCost",
  "modelIdOf",
  "normalizeMimeType",
  "projectLiteLlmCatalog",
  "pruneByProperties",
  "resolveModelPrice",
  "skillContent",
  "text",
  "toolContent",
  "toolset",
]
`;

exports[`public package export characterization > snapshots testing support exports 1`] = `
[
  "ContextCollector",
  "ScriptedEngine",
  "ScriptedModel",
  "TestAgent",
  "cacheHitRatio",
  "callTool",
  "comparePrefix",
  "engineJudge",
  "expectJudged",
  "fail",
  "isScriptedModel",
  "text",
]
`;
